src/__tests__/CodePanelHighlighting.test.tsx(289,5): error TS2578: Unused '@ts-expect-error' directive.
src/components/admin/Admin.tsx(47,10): error TS6133: 'File' is declared but its value is never read.
src/components/admin/Admin.tsx(542,26): error TS2345: Argument of type '{ id: number; name: string; period: string; assignments: never[]; sections: never[]; sendReleasedSubmissionsToBack: boolean; showStudentsStatistics: boolean; timezone: string; emailNewUsers: boolean; ... 10 more ...; enableStudentFeedbackNotifications: boolean; }' is not assignable to parameter of type '{ id: number; } & { name: string; period: string; assignments: number[]; sections: number[]; sendReleasedSubmissionsToBack: boolean; showStudentsStatistics: boolean; timezone: string; emailNewUsers: boolean; ... 11 more ...; studentsCanSeeGraders: boolean; } & { ...; }'.
  Type '{ id: number; name: string; period: string; assignments: never[]; sections: never[]; sendReleasedSubmissionsToBack: boolean; showStudentsStatistics: boolean; timezone: string; emailNewUsers: boolean; ... 10 more ...; enableStudentFeedbackNotifications: boolean; }' is missing the following properties from type '{ name: string; period: string; assignments: number[]; sections: number[]; sendReleasedSubmissionsToBack: boolean; showStudentsStatistics: boolean; timezone: string; emailNewUsers: boolean; anonymousGradingDefault: boolean; ... 10 more ...; studentsCanSeeGraders: boolean; }': expiration_date, studentsCanSeeGraders
src/components/admin/assignments/assignments/AssignmentFilesForm.tsx(8,3): error TS6133: 'DownloadOutlined' is declared but its value is never read.
src/components/admin/assignments/assignments/NotebookEditor.tsx(14,38): error TS6133: 'Select' is declared but its value is never read.
src/components/admin/assignments/assignments/SubmissionUpload/BulkUpload/LMSImport.tsx(619,5): error TS2578: Unused '@ts-expect-error' directive.
src/components/admin/assignments/assignments/SubmissionUpload/BulkUpload/LMSImportHelpers.tsx(45,5): error TS2578: Unused '@ts-expect-error' directive.
src/components/admin/assignments/assignments/SubmissionUpload/BulkUpload/LMSImportHelpers.tsx(51,5): error TS2578: Unused '@ts-expect-error' directive.
src/components/admin/assignments/assignments/SubmissionUpload/BulkUpload/LMSImportHelpers.tsx(65,11): error TS2578: Unused '@ts-expect-error' directive.
src/components/admin/assignments/rubric/RubricUI.tsx(110,11): error TS6133: 'categoryTables' is declared but its value is never read.
src/components/admin/assignments/tests/edit/EnvironmentSpecs.tsx(6,31): error TS6133: 'useRef' is declared but its value is never read.
src/components/admin/assignments/tests/edit/EnvironmentSpecs.tsx(41,10): error TS6133: 'Assignment' is declared but its value is never read.
src/components/admin/assignments/tests/edit/EnvironmentSpecs.tsx(53,1): error TS6133: 'getScanner' is declared but its value is never read.
src/components/admin/assignments/tests/edit/EnvironmentSpecs.tsx(64,7): error TS6133: 'confirm' is declared but its value is never read.
src/components/admin/assignments/tests/edit/EnvironmentSpecs.tsx(400,9): error TS6133: 'lookupValue' is declared but its value is never read.
src/components/admin/assignments/tests/edit/EnvironmentSpecs.tsx(570,9): error TS6133: 'install' is declared but its value is never read.
src/components/admin/assignments/tests/edit/EnvironmentSpecs/AutoDetectStatus.tsx(21,3): error TS6133: 'Tooltip' is declared but its value is never read.
src/components/admin/assignments/tests/edit/EnvironmentSpecs/AutoDetectStatus.tsx(37,3): error TS6133: 'CloseCircleOutlined' is declared but its value is never read.
src/components/admin/assignments/tests/edit/EnvironmentSpecs/AutoDetectStatus.tsx(38,3): error TS6133: 'WarningOutlined' is declared but its value is never read.
src/components/admin/assignments/tests/edit/EnvironmentSpecs/BuildDetailModal.tsx(19,1): error TS6133: 'SyntaxHighlighter' is declared but its value is never read.
src/components/admin/assignments/tests/edit/EnvironmentSpecs/BuildDetailModal.tsx(20,1): error TS6133: 'github' is declared but its value is never read.
src/components/admin/assignments/tests/edit/TestDefinitions/TestFormItem.tsx(22,10): error TS6133: 'commandLineExamples' is declared but its value is never read.
src/components/admin/assignments/tests/edit/TestDefinitions/TestFormItem.tsx(71,10): error TS6133: 'showExplanation' is declared but its value is never read.
src/components/admin/assignments/tests/edit/TestDefinitions/TestFormItem.tsx(71,27): error TS6133: 'setShowExplanation' is declared but its value is never read.
src/components/admin/assignments/tests/edit/TestDefinitions/TestFormItem.tsx(73,23): error TS6133: 'setCheckReturn' is declared but its value is never read.
src/components/admin/assignments/tests/edit/hooks/useEnvironmentSpecs.ts(19,3): error TS6133: 'buildStatusCallback' is declared but its value is never read.
src/components/admin/assignments/tests/edit/hooks/useEnvironmentSpecs.ts(146,41): error TS2339: Property 'dockerfile' does not exist on type '{ isSuccess: boolean; inProgress: boolean; logs: string; }'.
src/components/admin/assignments/tests/results/RunAllTests.tsx(106,101): error TS2339: Property 'isRunning' does not exist on type '{ id: number; } & { language: string; compileText: string; dockerfile: string; buildType: string; allowNetworkAccess: boolean; maxStudentTestRuns: number | null; maxExposedFailedTests: number | null; ... 14 more ...; successRate: number; } & {}'.
src/components/admin/assignments/tests/results/TestingSummary.tsx(127,14): error TS2339: Property 'isRunning' does not exist on type '{ id: number; language: string; compileText: string; dockerfile: string; buildType: string; allowNetworkAccess: boolean; maxStudentTestRuns: number | null; maxExposedFailedTests: number | null; ... 14 more ...; successRate: number; }'.
src/components/admin/submissions/students/StudentDetail.tsx(390,11): error TS2578: Unused '@ts-expect-error' directive.
src/components/code-review/CodeConsole.tsx(1205,16): error TS2345: Argument of type '(prev: ICodeConsoleState) => { submission: ({ id: number; } & { isFinalized: boolean; students: string[]; assignment: number; dateEdited: string; dateUploaded: string | null; ... 11 more ...; lateDayCreditsUsed: number; } & { ...; }) | ({ ...; } & ... 1 more ... & { ...; }); ... 36 more ...; executionResults: { ...;...' is not assignable to parameter of type 'SetStateAction<ICodeConsoleState>'.
  Type '(prev: ICodeConsoleState) => { submission: ({ id: number; } & { isFinalized: boolean; students: string[]; assignment: number; dateEdited: string; dateUploaded: string | null; ... 11 more ...; lateDayCreditsUsed: number; } & { ...; }) | ({ ...; } & ... 1 more ... & { ...; }); ... 36 more ...; executionResults: { ...;...' is not assignable to type '(prevState: ICodeConsoleState) => ICodeConsoleState'.
    Call signature return types '{ submission: ({ id: number; } & { isFinalized: boolean; students: string[]; assignment: number; dateEdited: string; dateUploaded: string | null; grade: number | null; grader: string | null; ... 9 more ...; lateDayCreditsUsed: number; } & { ...; }) | ({ ...; } & ... 1 more ... & { ...; }); ... 36 more ...; execution...' and 'ICodeConsoleState' are incompatible.
      The types of 'submission' are incompatible between these types.
        Type '({ id: number; } & { isFinalized: boolean; students: string[]; assignment: number; dateEdited: string; dateUploaded: string | null; grade: number | null; grader: string | null; questionIsOpen: boolean; ... 8 more ...; lateDayCreditsUsed: number; } & { ...; }) | ({ ...; } & ... 1 more ... & { ...; })' is not assignable to type '({ id: number; } & { isFinalized: boolean; files: number[] | ({ id: number; } & { extension: string; name: string; path: string | null; created: string; } & { data?: string | undefined; } & { submission: number; comments: number[]; } & { ...; })[]; ... 14 more ...; testRunsCompleted: number; } & { ...; }) | undefined'.
          Type '{ id: number; } & { isFinalized: boolean; students: string[]; assignment: number; dateEdited: string; dateUploaded: string | null; grade: number | null; grader: string | null; questionIsOpen: boolean; ... 8 more ...; lateDayCreditsUsed: number; } & { ...; }' is not assignable to type '({ id: number; } & { isFinalized: boolean; files: number[] | ({ id: number; } & { extension: string; name: string; path: string | null; created: string; } & { data?: string | undefined; } & { submission: number; comments: number[]; } & { ...; })[]; ... 14 more ...; testRunsCompleted: number; } & { ...; }) | undefined'.
            Type '{ id: number; } & { isFinalized: boolean; students: string[]; assignment: number; dateEdited: string; dateUploaded: string | null; grade: number | null; grader: string | null; questionIsOpen: boolean; ... 8 more ...; lateDayCreditsUsed: number; } & { ...; }' is not assignable to type '{ id: number; } & { isFinalized: boolean; files: number[] | ({ id: number; } & { extension: string; name: string; path: string | null; created: string; } & { data?: string | undefined; } & { submission: number; comments: number[]; } & { ...; })[]; ... 14 more ...; testRunsCompleted: number; } & { ...; }'.
              Type '{ id: number; } & { isFinalized: boolean; students: string[]; assignment: number; dateEdited: string; dateUploaded: string | null; grade: number | null; grader: string | null; questionIsOpen: boolean; ... 8 more ...; lateDayCreditsUsed: number; } & { ...; }' is not assignable to type '{ isFinalized: boolean; files: number[] | ({ id: number; } & { extension: string; name: string; path: string | null; created: string; } & { data?: string | undefined; } & { submission: number; comments: number[]; } & { ...; })[]; ... 14 more ...; testRunsCompleted: number; }'.
                Types of property 'files' are incompatible.
                  Type 'number[] | ({ id: number; } & { extension: string; name: string; path: string | null; created: string; } & { data?: string | undefined; } & { submission: number; comments: number[]; } & { hiddenBeforePublish?: boolean | undefined; })[] | undefined' is not assignable to type 'number[] | ({ id: number; } & { extension: string; name: string; path: string | null; created: string; } & { data?: string | undefined; } & { submission: number; comments: number[]; } & { hiddenBeforePublish?: boolean | undefined; })[]'.
                    Type 'undefined' is not assignable to type 'number[] | ({ id: number; } & { extension: string; name: string; path: string | null; created: string; } & { data?: string | undefined; } & { submission: number; comments: number[]; } & { hiddenBeforePublish?: boolean | undefined; })[]'.
src/components/code-review/CodeConsole.tsx(1219,16): error TS2345: Argument of type '(prev: ICodeConsoleState) => { submission: { id: number; } & { isFinalized: boolean; students: string[]; assignment: number; dateEdited: string; dateUploaded: string | null; ... 11 more ...; lateDayCreditsUsed: number; } & { ...; }; ... 36 more ...; executionResults: { ...; }; }' is not assignable to parameter of type 'SetStateAction<ICodeConsoleState>'.
  Type '(prev: ICodeConsoleState) => { submission: { id: number; } & { isFinalized: boolean; students: string[]; assignment: number; dateEdited: string; dateUploaded: string | null; ... 11 more ...; lateDayCreditsUsed: number; } & { ...; }; ... 36 more ...; executionResults: { ...; }; }' is not assignable to type '(prevState: ICodeConsoleState) => ICodeConsoleState'.
    Call signature return types '{ submission: { id: number; } & { isFinalized: boolean; students: string[]; assignment: number; dateEdited: string; dateUploaded: string | null; grade: number | null; grader: string | null; ... 9 more ...; lateDayCreditsUsed: number; } & { ...; }; ... 36 more ...; executionResults: { ...; }; }' and 'ICodeConsoleState' are incompatible.
      The types of 'submission' are incompatible between these types.
        Type '{ id: number; } & { isFinalized: boolean; students: string[]; assignment: number; dateEdited: string; dateUploaded: string | null; grade: number | null; grader: string | null; questionIsOpen: boolean; ... 8 more ...; lateDayCreditsUsed: number; } & { ...; }' is not assignable to type '({ id: number; } & { isFinalized: boolean; files: number[] | ({ id: number; } & { extension: string; name: string; path: string | null; created: string; } & { data?: string | undefined; } & { submission: number; comments: number[]; } & { ...; })[]; ... 14 more ...; testRunsCompleted: number; } & { ...; }) | undefined'.
          Type '{ id: number; } & { isFinalized: boolean; students: string[]; assignment: number; dateEdited: string; dateUploaded: string | null; grade: number | null; grader: string | null; questionIsOpen: boolean; ... 8 more ...; lateDayCreditsUsed: number; } & { ...; }' is not assignable to type '{ id: number; } & { isFinalized: boolean; files: number[] | ({ id: number; } & { extension: string; name: string; path: string | null; created: string; } & { data?: string | undefined; } & { submission: number; comments: number[]; } & { ...; })[]; ... 14 more ...; testRunsCompleted: number; } & { ...; }'.
            Type '{ id: number; } & { isFinalized: boolean; students: string[]; assignment: number; dateEdited: string; dateUploaded: string | null; grade: number | null; grader: string | null; questionIsOpen: boolean; ... 8 more ...; lateDayCreditsUsed: number; } & { ...; }' is not assignable to type '{ isFinalized: boolean; files: number[] | ({ id: number; } & { extension: string; name: string; path: string | null; created: string; } & { data?: string | undefined; } & { submission: number; comments: number[]; } & { ...; })[]; ... 14 more ...; testRunsCompleted: number; }'.
              Types of property 'files' are incompatible.
                Type 'number[] | ({ id: number; } & { extension: string; name: string; path: string | null; created: string; } & { data?: string | undefined; } & { submission: number; comments: number[]; } & { hiddenBeforePublish?: boolean | undefined; })[] | undefined' is not assignable to type 'number[] | ({ id: number; } & { extension: string; name: string; path: string | null; created: string; } & { data?: string | undefined; } & { submission: number; comments: number[]; } & { hiddenBeforePublish?: boolean | undefined; })[]'.
                  Type 'undefined' is not assignable to type 'number[] | ({ id: number; } & { extension: string; name: string; path: string | null; created: string; } & { data?: string | undefined; } & { submission: number; comments: number[]; } & { hiddenBeforePublish?: boolean | undefined; })[]'.
src/components/code-review/CodeConsole.tsx(1717,13): error TS2322: Type '(sub: AnonymousSubmissionType, graderUsername: string | undefined) => Promise<{ id: number; } & { isFinalized: boolean; students: string[]; assignment: number; dateEdited: string; dateUploaded: string | null; ... 11 more ...; lateDayCreditsUsed: number; } & { ...; }>' is not assignable to type '(submission: { id: number; } & { isFinalized: boolean; files: number[] | ({ id: number; } & { extension: string; name: string; path: string | null; created: string; } & { data?: string | undefined; } & { submission: number; comments: number[]; } & { ...; })[]; ... 14 more ...; testRunsCompleted: number; } & { ...; }...'.
  Type 'Promise<{ id: number; } & { isFinalized: boolean; students: string[]; assignment: number; dateEdited: string; dateUploaded: string | null; grade: number | null; grader: string | null; questionIsOpen: boolean; ... 8 more ...; lateDayCreditsUsed: number; } & { ...; }>' is not assignable to type 'Promise<{ id: number; } & { isFinalized: boolean; files: number[] | ({ id: number; } & { extension: string; name: string; path: string | null; created: string; } & { data?: string | undefined; } & { submission: number; comments: number[]; } & { ...; })[]; ... 14 more ...; testRunsCompleted: number; } & { ...; }>'.
    Type '{ id: number; } & { isFinalized: boolean; students: string[]; assignment: number; dateEdited: string; dateUploaded: string | null; grade: number | null; grader: string | null; questionIsOpen: boolean; ... 8 more ...; lateDayCreditsUsed: number; } & { ...; }' is not assignable to type '{ id: number; } & { isFinalized: boolean; files: number[] | ({ id: number; } & { extension: string; name: string; path: string | null; created: string; } & { data?: string | undefined; } & { submission: number; comments: number[]; } & { ...; })[]; ... 14 more ...; testRunsCompleted: number; } & { ...; }'.
      Type '{ id: number; } & { isFinalized: boolean; students: string[]; assignment: number; dateEdited: string; dateUploaded: string | null; grade: number | null; grader: string | null; questionIsOpen: boolean; ... 8 more ...; lateDayCreditsUsed: number; } & { ...; }' is not assignable to type '{ isFinalized: boolean; files: number[] | ({ id: number; } & { extension: string; name: string; path: string | null; created: string; } & { data?: string | undefined; } & { submission: number; comments: number[]; } & { ...; })[]; ... 14 more ...; testRunsCompleted: number; }'.
        Types of property 'files' are incompatible.
          Type 'number[] | ({ id: number; } & { extension: string; name: string; path: string | null; created: string; } & { data?: string | undefined; } & { submission: number; comments: number[]; } & { hiddenBeforePublish?: boolean | undefined; })[] | undefined' is not assignable to type 'number[] | ({ id: number; } & { extension: string; name: string; path: string | null; created: string; } & { data?: string | undefined; } & { submission: number; comments: number[]; } & { hiddenBeforePublish?: boolean | undefined; })[]'.
            Type 'undefined' is not assignable to type 'number[] | ({ id: number; } & { extension: string; name: string; path: string | null; created: string; } & { data?: string | undefined; } & { submission: number; comments: number[]; } & { hiddenBeforePublish?: boolean | undefined; })[]'.
src/components/code-review/CodeConsole.tsx(2167,11): error TS2322: Type '(sub: AnonymousSubmissionType, graderUsername: string | undefined) => Promise<{ id: number; } & { isFinalized: boolean; students: string[]; assignment: number; dateEdited: string; dateUploaded: string | null; ... 11 more ...; lateDayCreditsUsed: number; } & { ...; }>' is not assignable to type '(submission: { id: number; } & { isFinalized: boolean; files: number[] | ({ id: number; } & { extension: string; name: string; path: string | null; created: string; } & { data?: string | undefined; } & { submission: number; comments: number[]; } & { ...; })[]; ... 14 more ...; testRunsCompleted: number; } & { ...; }...'.
  Type 'Promise<{ id: number; } & { isFinalized: boolean; students: string[]; assignment: number; dateEdited: string; dateUploaded: string | null; grade: number | null; grader: string | null; questionIsOpen: boolean; ... 8 more ...; lateDayCreditsUsed: number; } & { ...; }>' is not assignable to type 'Promise<{ id: number; } & { isFinalized: boolean; files: number[] | ({ id: number; } & { extension: string; name: string; path: string | null; created: string; } & { data?: string | undefined; } & { submission: number; comments: number[]; } & { ...; })[]; ... 14 more ...; testRunsCompleted: number; } & { ...; }>'.
    Type '{ id: number; } & { isFinalized: boolean; students: string[]; assignment: number; dateEdited: string; dateUploaded: string | null; grade: number | null; grader: string | null; questionIsOpen: boolean; ... 8 more ...; lateDayCreditsUsed: number; } & { ...; }' is not assignable to type '{ id: number; } & { isFinalized: boolean; files: number[] | ({ id: number; } & { extension: string; name: string; path: string | null; created: string; } & { data?: string | undefined; } & { submission: number; comments: number[]; } & { ...; })[]; ... 14 more ...; testRunsCompleted: number; } & { ...; }'.
      Type '{ id: number; } & { isFinalized: boolean; students: string[]; assignment: number; dateEdited: string; dateUploaded: string | null; grade: number | null; grader: string | null; questionIsOpen: boolean; ... 8 more ...; lateDayCreditsUsed: number; } & { ...; }' is not assignable to type '{ isFinalized: boolean; files: number[] | ({ id: number; } & { extension: string; name: string; path: string | null; created: string; } & { data?: string | undefined; } & { submission: number; comments: number[]; } & { ...; })[]; ... 14 more ...; testRunsCompleted: number; }'.
        Types of property 'files' are incompatible.
          Type 'number[] | ({ id: number; } & { extension: string; name: string; path: string | null; created: string; } & { data?: string | undefined; } & { submission: number; comments: number[]; } & { hiddenBeforePublish?: boolean | undefined; })[] | undefined' is not assignable to type 'number[] | ({ id: number; } & { extension: string; name: string; path: string | null; created: string; } & { data?: string | undefined; } & { submission: number; comments: number[]; } & { hiddenBeforePublish?: boolean | undefined; })[]'.
            Type 'undefined' is not assignable to type 'number[] | ({ id: number; } & { extension: string; name: string; path: string | null; created: string; } & { data?: string | undefined; } & { submission: number; comments: number[]; } & { hiddenBeforePublish?: boolean | undefined; })[]'.
src/components/code-review/CodeConsole.tsx(2172,9): error TS2322: Type 'Element | undefined' is not assignable to type 'ReactElement<unknown, string | JSXElementConstructor<any>>'.
  Type 'undefined' is not assignable to type 'ReactElement<unknown, string | JSXElementConstructor<any>>'.
src/components/code-review/code-panel/Cursor.tsx(98,7): error TS2578: Unused '@ts-expect-error' directive.
src/components/code-review/code-panel/Cursor.tsx(172,7): error TS2578: Unused '@ts-expect-error' directive.
src/components/code-review/code-panel/Markdown.tsx(38,1): error TS6133: 'colors' is declared but its value is never read.
src/components/code-review/demo.tsx(221,7): error TS2353: Object literal may only specify known properties, and 'expectPlot' does not exist in type '{ id: number; } & { testCase: number; testCategory: number; submission: number; logs: string; passed: boolean; created: string; modified: string; isError: boolean; } & {}'.
src/components/code-review/demo.tsx(240,7): error TS2353: Object literal may only specify known properties, and 'expectPlot' does not exist in type '{ id: number; } & { testCase: number; testCategory: number; submission: number; logs: string; passed: boolean; created: string; modified: string; isError: boolean; } & {}'.
src/components/code-review/menu/RubricMenuUI.tsx(9,1): error TS2578: Unused '@ts-expect-error' directive.
src/components/codepost-admin/NewCourseDialog.tsx(2,1): error TS6133: 'moment' is declared but its value is never read.
