// Jest Snapshot v1, https://goo.gl/fbAQLP

exports[`CodePanel renders correctly 1`] = `
<Tabs
  defaultFocus={false}
  defaultIndex={null}
  forceRenderTabPanel={false}
  onSelect={[Function]}
  selectedIndex={0}
>
  <TabList
    className="tabs--grade"
  >
    <Tab
      className="tabs--grade__tab"
      disabledClassName="react-tabs__tab--disabled"
      focus={false}
      id={null}
      key="1"
      panelId={null}
      selected={false}
      selectedClassName="react-tabs__tab--selected"
    >
      <div
        className="tab__title"
      >
        <div
          className="tab__title__file-name"
        >
          hello.java
        </div>
        <div
          className="tab__title__badges"
        >
          <Tooltipped
            delay={750}
            label="Number of comments"
            position="left"
            setPosition={true}
          >
            <div />
          </Tooltipped>
          <Tooltipped
            delay={750}
            label="Amount deducted"
            position="left"
            setPosition={true}
          >
            <div
              className=" tab__title__pointdelta--zero"
            >
               
            </div>
          </Tooltipped>
        </div>
      </div>
    </Tab>
  </TabList>
  <TabPanel
    className="react-tabs__tab-panel"
    forceRender={false}
    key="1-code"
    selectedClassName="react-tabs__tab-panel--selected"
  >
    <div
      className="grade__main-container__scroll-indicator"
    >
      scroll&gt;&gt;&gt;
    </div>
    <Code
      addComment={[Function]}
      changeActive={[Function]}
      commentCounter={-1}
      comments={Array []}
      deleteComment={[Function]}
      file={
        Object {
          "code": "public static void main(){}",
          "comments": Array [],
          "extension": "java",
          "id": 1,
          "name": "hello.java",
          "submission": 1,
        }
      }
      readOnly={false}
      rubricComments={Object {}}
      submission={
        Object {
          "assignment": 1,
          "dateEdited": "2019-03-13T07:37:47.098338-04:00",
          "files": Array [
            1,
          ],
          "grade": 20,
          "grader": "grader@myschool.edu",
          "id": 1,
          "isFinalized": false,
          "queueOrderKey": 0,
          "students": Array [
            "student@myschool.edu",
          ],
        }
      }
      unsavedComments={Array []}
      updateComment={[Function]}
      updateCommentCounter={[Function]}
      updateSubmissionGrade={[Function]}
    />
  </TabPanel>
</Tabs>
`;
