// Jest Snapshot v1, https://goo.gl/fbAQLP

exports[`CommentList renders correctly 1`] = `
<div
  className="code__comments"
>
  <Comment
    active={false}
    changeActive={[Function]}
    comment={
      Object {
        "author": "grader@myschool.edu",
        "endChar": 3,
        "endLine": 0,
        "file": 1,
        "id": 1,
        "pointDelta": null,
        "rubricComment": 1,
        "startChar": 1,
        "startLine": 0,
        "text": "good job",
      }
    }
    deleteComment={[Function]}
    file={
      Object {
        "code": "public static void main() {}",
        "comments": Array [
          1,
          2,
          3,
        ],
        "extension": "java",
        "id": 1,
        "name": "hello.java",
        "submission": 1,
      }
    }
    key="1"
    readOnly={false}
    rubricComment={
      Object {
        "category": 1,
        "comments": Array [
          1,
        ],
        "id": 1,
        "pointDelta": 3,
        "text": "Need more comments",
      }
    }
    style={
      Object {
        "top": "0px",
        "zIndex": "100000",
      }
    }
    unsavedComments={Array []}
    updateComment={[Function]}
    updateSubmissionGrade={[Function]}
  />
  <Comment
    active={false}
    changeActive={[Function]}
    comment={
      Object {
        "author": "grader@myschool.edu",
        "endChar": 3,
        "endLine": 0,
        "file": 1,
        "id": 2,
        "pointDelta": 1,
        "rubricComment": null,
        "startChar": 2,
        "startLine": 0,
        "text": "good job",
      }
    }
    deleteComment={[Function]}
    file={
      Object {
        "code": "public static void main() {}",
        "comments": Array [
          1,
          2,
          3,
        ],
        "extension": "java",
        "id": 1,
        "name": "hello.java",
        "submission": 1,
      }
    }
    key="2"
    readOnly={false}
    style={
      Object {
        "top": "90px",
        "zIndex": "99910",
      }
    }
    unsavedComments={Array []}
    updateComment={[Function]}
    updateSubmissionGrade={[Function]}
  />
  <Comment
    active={false}
    changeActive={[Function]}
    comment={
      Object {
        "author": "grader@myschool.edu",
        "endChar": 5,
        "endLine": 0,
        "file": 1,
        "id": 3,
        "pointDelta": 1,
        "rubricComment": null,
        "startChar": 3,
        "startLine": 0,
        "text": "good job",
      }
    }
    deleteComment={[Function]}
    file={
      Object {
        "code": "public static void main() {}",
        "comments": Array [
          1,
          2,
          3,
        ],
        "extension": "java",
        "id": 1,
        "name": "hello.java",
        "submission": 1,
      }
    }
    key="3"
    readOnly={false}
    style={
      Object {
        "top": "180px",
        "zIndex": "99820",
      }
    }
    unsavedComments={Array []}
    updateComment={[Function]}
    updateSubmissionGrade={[Function]}
  />
</div>
`;
